[ +138 ms] Artifact Instance of 'MaterialFonts' is not required, skipping update.
[        ] Artifact Instance of 'GradleWrapper' is not required, skipping update.
[        ] Artifact Instance of 'AndroidGenSnapshotArtifacts' is not required, skipping update.
[        ] Artifact Instance of 'AndroidInternalBuildArtifacts' is not required, skipping update.
[        ] Artifact Instance of 'IOSEngineArtifacts' is not required, skipping update.
[        ] Artifact Instance of 'FlutterWebSdk' is not required, skipping update.
[        ] Artifact Instance of 'LegacyCanvasKitRemover' is not required, skipping update.
[        ] Artifact Instance of 'FlutterSdk' is not required, skipping update.
[        ] Artifact Instance of 'WindowsEngineArtifacts' is not required, skipping update.
[        ] Artifact Instance of 'MacOSEngineArtifacts' is not required, skipping update.
[        ] Artifact Instance of 'LinuxEngineArtifacts' is not required, skipping update.
[        ] Artifact Instance of 'LinuxFuchsiaSDKArtifacts' is not required, skipping update.
[        ] Artifact Instance of 'MacOSFuchsiaSDKArtifacts' is not required, skipping update.
[        ] Artifact Instance of 'FlutterRunnerSDKArtifacts' is not required, skipping update.
[        ] Artifact Instance of 'FlutterRunnerDebugSymbols' is not required, skipping update.
[        ] Artifact Instance of 'IosUsbArtifacts' is not required, skipping update.
[        ] Artifact Instance of 'IosUsbArtifacts' is not required, skipping update.
[        ] Artifact Instance of 'IosUsbArtifacts' is not required, skipping update.
[        ] Artifact Instance of 'IosUsbArtifacts' is not required, skipping update.
[        ] Artifact Instance of 'IosUsbArtifacts' is not required, skipping update.
[        ] Artifact Instance of 'IosUsbArtifacts' is not required, skipping update.
[        ] Artifact Instance of 'FontSubsetArtifacts' is not required, skipping update.
[        ] Artifact Instance of 'PubDependencies' is not required, skipping update.
[        ] executing: [C:\Users\고성훈\flutter/] git -c log.showSignature=false log HEAD -n 1 --pretty=format:%ad --date=iso
[  +55 ms] Exit code 0 from: git -c log.showSignature=false log HEAD -n 1 --pretty=format:%ad --date=iso
[        ] 2026-05-29 12:13:22 -0400
[  +18 ms] Artifact Instance of 'AndroidGenSnapshotArtifacts' is not required, skipping update.
[        ] Artifact Instance of 'AndroidInternalBuildArtifacts' is not required, skipping update.
[        ] Artifact Instance of 'IOSEngineArtifacts' is not required, skipping update.
[   +1 ms] Artifact Instance of 'FlutterWebSdk' is not required, skipping update.
[        ] Artifact Instance of 'FlutterEngineStamp' is not required, skipping update.
[        ] Artifact Instance of 'LegacyCanvasKitRemover' is not required, skipping update.
[   +2 ms] Artifact Instance of 'WindowsEngineArtifacts' is not required, skipping update.
[        ] Artifact Instance of 'MacOSEngineArtifacts' is not required, skipping update.
[        ] Artifact Instance of 'LinuxEngineArtifacts' is not required, skipping update.
[        ] Artifact Instance of 'LinuxFuchsiaSDKArtifacts' is not required, skipping update.
[        ] Artifact Instance of 'MacOSFuchsiaSDKArtifacts' is not required, skipping update.
[        ] Artifact Instance of 'FlutterRunnerSDKArtifacts' is not required, skipping update.
[        ] Artifact Instance of 'FlutterRunnerDebugSymbols' is not required, skipping update.
[  +38 ms] executing: C:\dev\Android\Sdk\platform-tools\adb.exe devices -l
[  +72 ms] List of devices attached
           R3CY20ZAQYV            device product:pa3qksx model:SM_S938N device:pa3q transport_id:1
[   +4 ms] C:\dev\Android\Sdk\platform-tools\adb.exe -s R3CY20ZAQYV shell getprop
[ +168 ms] Artifact Instance of 'AndroidInternalBuildArtifacts' is not required, skipping update.
[        ] Artifact Instance of 'IOSEngineArtifacts' is not required, skipping update.
[   +2 ms] Artifact Instance of 'FlutterEngineStamp' is not required, skipping update.
[   +5 ms] Artifact Instance of 'MacOSEngineArtifacts' is not required, skipping update.
[        ] Artifact Instance of 'LinuxEngineArtifacts' is not required, skipping update.
[        ] Artifact Instance of 'LinuxFuchsiaSDKArtifacts' is not required, skipping update.
[        ] Artifact Instance of 'MacOSFuchsiaSDKArtifacts' is not required, skipping update.
[        ] Artifact Instance of 'FlutterRunnerSDKArtifacts' is not required, skipping update.
[        ] Artifact Instance of 'FlutterRunnerDebugSymbols' is not required, skipping update.
[ +101 ms] executing: [C:\AppProgramingAplicationProject/] C:\Users\고성훈\flutter\bin\cache\dart-sdk\bin\dart pub --suppress-analytics --directory . get --example
Resolving dependencies...
Downloading packages...
  _fe_analyzer_shared 85.0.0 (101.0.0 available)
  analyzer 7.6.0 (13.1.0 available)
  analyzer_plugin 0.13.4 (0.14.10 available)
  build 2.5.4 (4.0.6 available)
  build_config 1.1.2 (1.3.0 available)
  build_resolvers 2.5.4 (3.0.4 available)
  build_runner 2.5.4 (2.15.0 available)
  build_runner_core 9.1.2 (9.3.2 available)
  custom_lint_core 0.7.5 (0.8.2 available)
  custom_lint_visitor 1.0.0+7.7.0 (1.0.0+9.0.0 available)
  dart_style 3.1.1 (3.1.9 available)
  flutter_dotenv 5.2.1 (6.0.1 available)
  flutter_lints 4.0.0 (6.0.0 available)
  flutter_riverpod 2.6.1 (3.3.1 available)
  json_annotation 4.9.0 (4.12.0 available)
  json_serializable 6.9.5 (6.14.0 available)
  lints 4.0.0 (6.1.0 available)
  matcher 0.12.19 (0.12.20 available)
  meta 1.18.0 (1.18.3 available)
  riverpod 2.6.1 (3.2.1 available)
  riverpod_annotation 2.6.1 (4.0.2 available)
  riverpod_generator 2.6.5 (4.0.3 available)
  source_gen 2.0.0 (4.2.3 available)
  source_helper 1.3.7 (1.3.12 available)
  test_api 0.7.11 (0.7.12 available)
  vector_math 2.2.0 (2.4.0 available)
Got dependencies!
26 packages have newer versions incompatible with dependency constraints.
Try `flutter pub outdated` for more information.
[+3007 ms] Found plugin sqflite at C:\dev\pub\hosted\pub.dev\sqflite-2.4.3\
[   +8 ms] Found plugin sqflite_darwin at C:\dev\pub\hosted\pub.dev\sqflite_darwin-2.4.3\
[   +1 ms] Found plugin sqflite_android at C:\dev\pub\hosted\pub.dev\sqflite_android-2.4.3\
[   +2 ms] Found plugin path_provider_android at C:\dev\pub\hosted\pub.dev\path_provider_android-2.3.1\
[   +2 ms] Found plugin jni_flutter at C:\dev\pub\hosted\pub.dev\jni_flutter-1.0.1\
[   +1 ms] Found plugin jni at C:\dev\pub\hosted\pub.dev\jni-1.0.0\
[   +2 ms] Found plugin path_provider at C:\dev\pub\hosted\pub.dev\path_provider-2.1.5\
[   +1 ms] Found plugin path_provider_windows at C:\dev\pub\hosted\pub.dev\path_provider_windows-2.3.0\
[   +1 ms] Found plugin path_provider_linux at C:\dev\pub\hosted\pub.dev\path_provider_linux-2.2.1\
[   +2 ms] Found plugin path_provider_foundation at C:\dev\pub\hosted\pub.dev\path_provider_foundation-2.6.0\
[ +177 ms] Found plugin sqflite at C:\dev\pub\hosted\pub.dev\sqflite-2.4.3\
[   +5 ms] Found plugin sqflite_darwin at C:\dev\pub\hosted\pub.dev\sqflite_darwin-2.4.3\
[   +1 ms] Found plugin sqflite_android at C:\dev\pub\hosted\pub.dev\sqflite_android-2.4.3\
[        ] Found plugin path_provider_android at C:\dev\pub\hosted\pub.dev\path_provider_android-2.3.1\
[   +1 ms] Found plugin jni_flutter at C:\dev\pub\hosted\pub.dev\jni_flutter-1.0.1\
[        ] Found plugin jni at C:\dev\pub\hosted\pub.dev\jni-1.0.0\
[   +2 ms] Found plugin path_provider at C:\dev\pub\hosted\pub.dev\path_provider-2.1.5\
[   +1 ms] Found plugin path_provider_windows at C:\dev\pub\hosted\pub.dev\path_provider_windows-2.3.0\
[        ] Found plugin path_provider_linux at C:\dev\pub\hosted\pub.dev\path_provider_linux-2.2.1\
[   +1 ms] Found plugin path_provider_foundation at C:\dev\pub\hosted\pub.dev\path_provider_foundation-2.6.0\
[  +98 ms] Found plugin sqflite at C:\dev\pub\hosted\pub.dev\sqflite-2.4.3\
[   +5 ms] Found plugin sqflite_darwin at C:\dev\pub\hosted\pub.dev\sqflite_darwin-2.4.3\
[   +1 ms] Found plugin sqflite_android at C:\dev\pub\hosted\pub.dev\sqflite_android-2.4.3\
[   +1 ms] Found plugin path_provider_android at C:\dev\pub\hosted\pub.dev\path_provider_android-2.3.1\
[   +2 ms] Found plugin jni_flutter at C:\dev\pub\hosted\pub.dev\jni_flutter-1.0.1\
[        ] Found plugin jni at C:\dev\pub\hosted\pub.dev\jni-1.0.0\
[   +1 ms] Found plugin path_provider at C:\dev\pub\hosted\pub.dev\path_provider-2.1.5\
[   +1 ms] Found plugin path_provider_windows at C:\dev\pub\hosted\pub.dev\path_provider_windows-2.3.0\
[   +1 ms] Found plugin path_provider_linux at C:\dev\pub\hosted\pub.dev\path_provider_linux-2.2.1\
[   +1 ms] Found plugin path_provider_foundation at C:\dev\pub\hosted\pub.dev\path_provider_foundation-2.6.0\
[ +109 ms] Generating C:\AppProgramingAplicationProject\android\app\src\main\java\io\flutter\plugins\GeneratedPluginRegistrant.java
[  +24 ms] ro.hardware = qcom
[  +65 ms] Initializing file store
[   +7 ms] Skipping target: gen_localizations
[   +2 ms] gen_dart_plugin_registrant: Starting due to {InvalidatedReasonKind.inputChanged: The following inputs have updated contents: C:\AppProgramingAplicationProject\.dart_tool\package_config.json}
[  +76 ms] Found plugin sqflite at C:\dev\pub\hosted\pub.dev\sqflite-2.4.3\
[   +4 ms] Found plugin sqflite_darwin at C:\dev\pub\hosted\pub.dev\sqflite_darwin-2.4.3\
[        ] Found plugin sqflite_android at C:\dev\pub\hosted\pub.dev\sqflite_android-2.4.3\
[        ] Found plugin path_provider_android at C:\dev\pub\hosted\pub.dev\path_provider_android-2.3.1\
[   +1 ms] Found plugin jni_flutter at C:\dev\pub\hosted\pub.dev\jni_flutter-1.0.1\
[        ] Found plugin jni at C:\dev\pub\hosted\pub.dev\jni-1.0.0\
[   +2 ms] Found plugin path_provider at C:\dev\pub\hosted\pub.dev\path_provider-2.1.5\
[   +1 ms] Found plugin path_provider_windows at C:\dev\pub\hosted\pub.dev\path_provider_windows-2.3.0\
[        ] Found plugin path_provider_linux at C:\dev\pub\hosted\pub.dev\path_provider_linux-2.2.1\
[   +1 ms] Found plugin path_provider_foundation at C:\dev\pub\hosted\pub.dev\path_provider_foundation-2.6.0\
[  +58 ms] gen_dart_plugin_registrant: Complete
[   +3 ms] _composite: Starting due to {}
[        ] _composite: Complete
[   +3 ms] complete
[   +4 ms] Launching lib\main.dart on SM S938N in debug mode...
[   +2 ms] C:\Users\고성훈\flutter\bin\cache\dart-sdk\bin\dartaotruntime.exe C:\Users\고성훈\flutter\bin\cache\dart-sdk\bin\snapshots\frontend_server_aot.dart.snapshot --sdk-root C:\Users\고성훈\flutter\bin\cache\artifacts\engine\common\flutter_patched_sdk/ --incremental --target=flutter --experimental-emit-debug-metadata -DFLUTTER_VERSION=3.44.1 -DFLUTTER_CHANNEL=stable -DFLUTTER_GIT_URL=https://github.com/flutter/flutter.git -DFLUTTER_FRAMEWORK_REVISION=924134a44c -DFLUTTER_ENGINE_REVISION=c416acfeb8 -DFLUTTER_DART_VERSION=3.12.1 --output-dill C:\Users\고성훈\AppData\Local\Temp\flutter_tools.9223352c\flutter_tool.232552b1\app.dill --packages C:\AppProgramingAplicationProject\.dart_tool\package_config.json -Ddart.vm.profile=false -Ddart.vm.product=false --enable-asserts --track-widget-creation --filesystem-scheme org-dartlang-root --initialize-from-dill build\0ea6338a9744699c4765127c07d5f7ae.cache.dill.track.dill --source file:///C:/AppProgramingAplicationProject/.dart_tool/flutter_build/dart_plugin_registrant.dart --source package:flutter/src/dart_plugin_registrant.dart -Dflutter.dart_plugin_registrant=file:///C:/AppProgramingAplicationProject/.dart_tool/flutter_build/dart_plugin_registrant.dart --verbosity=error --enable-experiment=alternative-invalidation-strategy
[  +20 ms] executing: C:\dev\Android\Sdk\platform-tools\adb.exe -s R3CY20ZAQYV shell -x logcat -v time -t 1
[+1018 ms] <- compile package:planner_app/main.dart
[ +255 ms] --------- beginning of main
           06-08 11:42:04.988 I/adbd    ( 5589): adbd service requested 'shell:logcat -v time -t 1'
[   +9 ms] executing: C:\dev\Android\Sdk\platform-tools\adb.exe version
[  +52 ms] Android Debug Bridge version 1.0.41
           Version 37.0.0-14910828
           Installed as C:\dev\Android\Sdk\platform-tools\adb.exe
           Running on Windows 10.0.26200
[        ] executing: C:\dev\Android\Sdk\platform-tools\adb.exe start-server
[  +48 ms] Building APK
[   +9 ms] Top-level Gradle build file not found, skipping migration of task "clean".
[        ] Android Studio version could not be detected, skipping Gradle-Java version compatibility check.
[   +1 ms] CMake project not found, skipping support Android 15 16k page size migration.
[   +1 ms] The developer has already configured the Built-In Kotlin flag, skipping migration.
[   +1 ms] The developer has already configured the new DSL flag, skipping migration.
[  +42 ms] Using gradle from C:\AppProgramingAplicationProject\android\gradlew.bat.
[  +15 ms] LocalFile: 'C:\AppProgramingAplicationProject\android\build.gradle.kts' doesn't provide an AGP version. Checking settings.
[   +7 ms] LocalFile: 'C:\AppProgramingAplicationProject\android\settings.gradle.kts' provides AGP version: 9.0.1
[   +1 ms] Running Gradle task 'assembleDebug'...
[        ] executing: [C:\AppProgramingAplicationProject\android/] C:\AppProgramingAplicationProject\android\gradlew.bat --full-stacktrace --info -Pverbose=true -Ptarget-platform=android-arm64 -Ptarget=C:\AppProgramingAplicationProject\lib\main.dart -Pbase-application-name=android.app.Application -Pdart-defines=RkxVVFRFUl9WRVJTSU9OPTMuNDQuMQ==,RkxVVFRFUl9DSEFOTkVMPXN0YWJsZQ==,RkxVVFRFUl9HSVRfVVJMPWh0dHBzOi8vZ2l0aHViLmNvbS9mbHV0dGVyL2ZsdXR0ZXIuZ2l0,RkxVVFRFUl9GUkFNRVdPUktfUkVWSVNJT049OTI0MTM0YTQ0Yw==,RkxVVFRFUl9FTkdJTkVfUkVWSVNJT049YzQxNmFjZmViOA==,RkxVVFRFUl9EQVJUX1ZFUlNJT049My4xMi4x -Pdart-obfuscation=false -Ptrack-widget-creation=true -Ptree-shake-icons=false -Pfilesystem-scheme=org-dartlang-root assembleDebug
[+1611 ms] Initialized native services in: C:\Users\������\.gradle\native
[   +3 ms] Initialized jansi services in: C:\Users\������\.gradle\native
[ +130 ms] Welcome to Gradle 9.1.0!
[        ] Here are the highlights of this release:
[        ]  - Full Java 25 support
[        ]  - Native task graph visualization
[        ]  - Enhanced console output
[        ] For more details see https://docs.gradle.org/9.1.0/release-notes.html
[ +305 ms] Removing 0 daemon stop events from registry
[        ] Starting a Gradle Daemon (subsequent builds will be faster)
[ +193 ms] Starting process 'Gradle build daemon'. Working directory: C:\Users\������\.gradle\daemon\9.1.0 Command: C:\Program Files\Java\jdk-17\bin\java.exe --add-opens=java.base/java.lang=ALL-UNNAMED --add-opens=java.base/java.lang.invoke=ALL-UNNAMED --add-opens=java.base/java.util=ALL-UNNAMED --add-opens=java.prefs/java.util.prefs=ALL-UNNAMED --add-exports=jdk.compiler/com.sun.tools.javac.api=ALL-UNNAMED --add-exports=jdk.compiler/com.sun.tools.javac.util=ALL-UNNAMED --add-opens=java.base/java.util=ALL-UNNAMED --add-opens=java.prefs/java.util.prefs=ALL-UNNAMED --add-opens=java.base/java.nio.charset=ALL-UNNAMED --add-opens=java.base/java.net=ALL-UNNAMED --add-opens=java.base/java.util.concurrent=ALL-UNNAMED --add-opens=java.base/java.util.concurrent.atomic=ALL-UNNAMED --add-opens=java.xml/javax.xml.namespace=ALL-UNNAMED --add-opens=java.base/java.time=ALL-UNNAMED -XX:MaxMetaspaceSize=4G -XX:ReservedCodeCacheSize=512m -XX:+HeapDumpOnOutOfMemoryError -Xmx8G -Dfile.encoding=x-windows-949 -Duser.country=KR -Duser.language=ko -Duser.variant -cp C:\Users\������\.gradle\wrapper\dists\gradle-9.1.0-all\7wzd0jkjit61aq2p43wpjgij9\gradle-9.1.0\lib\gradle-daemon-main-9.1.0.jar -javaagent:C:\Users\������\.gradle\wrapper\dists\gradle-9.1.0-all\7wzd0jkjit61aq2p43wpjgij9\gradle-9.1.0\lib\agents\gradle-instrumentation-agent-9.1.0.jar org.gradle.launcher.daemon.bootstrap.GradleDaemon 9.1.0
[        ] Successfully started process 'Gradle build daemon'
[+2003 ms] An attempt to start the daemon took 2.099 secs.
[ +199 ms] The client will now receive all logging from the daemon (pid: 14432). The daemon log file: C:\Users\������\.gradle\daemon\9.1.0\daemon-14432.out.log
[        ] Starting build in new daemon [memory: 8 GiB]
[ +499 ms] Using 16 worker leases.
[ +503 ms] Received JVM installation metadata from 'C:\Program Files\Java\jdk-17': {JAVA_HOME=C:\Program Files\Java\jdk-17, JAVA_VERSION=17.0.12, JAVA_VENDOR=Oracle Corporation, RUNTIME_NAME=Java(TM) SE Runtime Environment, RUNTIME_VERSION=17.0.12+8-LTS-286, VM_NAME=Java HotSpot(TM) 64-Bit Server VM, VM_VERSION=17.0.12+8-LTS-286, VM_VENDOR=Oracle Corporation, OS_ARCH=amd64}
[ +504 ms] Watching the file system is configured to be enabled if available
[        ] Now considering [C:\AppProgramingAplicationProject\android] as hierarchies to watch
[        ] File system watching is active
[ +798 ms] Starting Build
[ +894 ms] FAILURE: Build failed with an exception.
[   +1 ms] * Where:
[        ] Settings file 'C:\AppProgramingAplicationProject\android\settings.gradle.kts' line: 20
[        ] * What went wrong:
[        ] Error resolving plugin [id: 'dev.flutter.flutter-plugin-loader', version: '1.0.0']
[        ] > Included build 'C:\Users\?��???��???\flutter\packages\flutter_tools\gradle' does not exist.
[        ] * Try:
[        ] > Run with --debug option to get more log output.
[        ] > Run with --scan to generate a Build Scan (Powered by Develocity).
[        ] > Get more help at https://help.gradle.org.
[        ] * Exception is:
[        ] org.gradle.api.GradleException: Error resolving plugin [id: 'dev.flutter.flutter-plugin-loader', version: '1.0.0']
[        ] 	at org.gradle.plugin.use.internal.DefaultPluginRequestApplicator.resolvePluginRequest(DefaultPluginRequestApplicator.java:193)
[        ] 	at org.gradle.plugin.use.internal.DefaultPluginRequestApplicator.applyPlugins(DefaultPluginRequestApplicator.java:101)
[        ] 	at org.gradle.kotlin.dsl.provider.PluginRequestsHandler.handle(PluginRequestsHandler.kt:45)
[        ] 	at org.gradle.kotlin.dsl.provider.StandardKotlinScriptEvaluator$InterpreterHost.applyPluginsTo(KotlinScriptEvaluator.kt:242)
[        ] 	at org.gradle.kotlin.dsl.execution.Interpreter$ProgramHost.applyPluginsTo(Interpreter.kt:387)
[        ] 	at Program.execute(Unknown Source)
[        ] 	at org.gradle.kotlin.dsl.execution.Interpreter$ProgramHost.eval(Interpreter.kt:516)
[        ] 	at org.gradle.kotlin.dsl.execution.Interpreter.eval(Interpreter.kt:214)
[        ] 	at org.gradle.kotlin.dsl.provider.StandardKotlinScriptEvaluator.evaluate(KotlinScriptEvaluator.kt:133)
[        ] 	at org.gradle.kotlin.dsl.provider.KotlinScriptPluginFactory.create$lambda$0(KotlinScriptPluginFactory.kt:61)
[        ] 	at org.gradle.kotlin.dsl.provider.KotlinScriptPlugin.apply(KotlinScriptPlugin.kt:35)
[        ] 	at org.gradle.configuration.BuildOperationScriptPlugin$1.run(BuildOperationScriptPlugin.java:68)
[        ] 	at org.gradle.internal.operations.DefaultBuildOperationRunner$1.execute(DefaultBuildOperationRunner.java:29)
[        ] 	at org.gradle.internal.operations.DefaultBuildOperationRunner$1.execute(DefaultBuildOperationRunner.java:26)
[        ] 	at org.gradle.internal.operations.DefaultBuildOperationRunner$2.execute(DefaultBuildOperationRunner.java:66)
[        ] 	at org.gradle.internal.operations.DefaultBuildOperationRunner$2.execute(DefaultBuildOperationRunner.java:59)
[        ] 	at org.gradle.internal.operations.DefaultBuildOperationRunner.execute(DefaultBuildOperationRunner.java:166)
[        ] 	at org.gradle.internal.operations.DefaultBuildOperationRunner.execute(DefaultBuildOperationRunner.java:59)
[        ] 	at org.gradle.internal.operations.DefaultBuildOperationRunner.run(DefaultBuildOperationRunner.java:47)
[        ] 	at org.gradle.configuration.BuildOperationScriptPlugin.lambda$apply$0(BuildOperationScriptPlugin.java:65)
[        ] 	at org.gradle.internal.code.DefaultUserCodeApplicationContext.apply(DefaultUserCodeApplicationContext.java:44)
[        ] 	at org.gradle.configuration.BuildOperationScriptPlugin.apply(BuildOperationScriptPlugin.java:65)
[        ] 	at org.gradle.initialization.ScriptEvaluatingSettingsProcessor.applySettingsScript(ScriptEvaluatingSettingsProcessor.java:75)
[        ] 	at org.gradle.initialization.ScriptEvaluatingSettingsProcessor.process(ScriptEvaluatingSettingsProcessor.java:68)
[        ] 	at org.gradle.initialization.SettingsEvaluatedCallbackFiringSettingsProcessor.process(SettingsEvaluatedCallbackFiringSettingsProcessor.java:34)
[        ] 	at org.gradle.initialization.RootBuildCacheControllerSettingsProcessor.process(RootBuildCacheControllerSettingsProcessor.java:47)
[        ] 	at org.gradle.initialization.BuildOperationSettingsProcessor$2.call(BuildOperationSettingsProcessor.java:49)
[        ] 	at org.gradle.initialization.BuildOperationSettingsProcessor$2.call(BuildOperationSettingsProcessor.java:46)
[        ] 	at org.gradle.internal.operations.DefaultBuildOperationRunner$CallableBuildOperationWorker.execute(DefaultBuildOperationRunner.java:209)
[        ] 	at org.gradle.internal.operations.DefaultBuildOperationRunner$CallableBuildOperationWorker.execute(DefaultBuildOperationRunner.java:204)
[        ] 	at org.gradle.internal.operations.DefaultBuildOperationRunner$2.execute(DefaultBuildOperationRunner.java:66)
[        ] 	at org.gradle.internal.operations.DefaultBuildOperationRunner$2.execute(DefaultBuildOperationRunner.java:59)
[        ] 	at org.gradle.internal.operations.DefaultBuildOperationRunner.execute(DefaultBuildOperationRunner.java:166)
[        ] 	at org.gradle.internal.operations.DefaultBuildOperationRunner.execute(DefaultBuildOperationRunner.java:59)
[        ] 	at org.gradle.internal.operations.DefaultBuildOperationRunner.call(DefaultBuildOperationRunner.java:53)
[        ] 	at org.gradle.initialization.BuildOperationSettingsProcessor.process(BuildOperationSettingsProcessor.java:46)
[        ] 	at org.gradle.initialization.DefaultSettingsLoader.findSettingsAndLoadIfAppropriate(DefaultSettingsLoader.java:170)
[        ] 	at org.gradle.initialization.DefaultSettingsLoader.findAndLoadSettings(DefaultSettingsLoader.java:91)
[        ] 	at org.gradle.initialization.SettingsAttachingSettingsLoader.findAndLoadSettings(SettingsAttachingSettingsLoader.java:33)
[        ] 	at org.gradle.internal.composite.CommandLineIncludedBuildSettingsLoader.findAndLoadSettings(CommandLineIncludedBuildSettingsLoader.java:35)
[        ] 	at org.gradle.internal.composite.ChildBuildRegisteringSettingsLoader.findAndLoadSettings(ChildBuildRegisteringSettingsLoader.java:44)
[        ] 	at org.gradle.internal.composite.CompositeBuildSettingsLoader.findAndLoadSettings(CompositeBuildSettingsLoader.java:35)
[        ] 	at org.gradle.initialization.InitScriptHandlingSettingsLoader.findAndLoadSettings(InitScriptHandlingSettingsLoader.java:33)
[        ] 	at org.gradle.api.internal.initialization.CacheConfigurationsHandlingSettingsLoader.findAndLoadSettings(CacheConfigurationsHandlingSettingsLoader.java:36)
[        ] 	at org.gradle.initialization.GradlePropertiesHandlingSettingsLoader.findAndLoadSettings(GradlePropertiesHandlingSettingsLoader.java:41)
[        ] 	at org.gradle.initialization.DefaultSettingsPreparer.prepareSettings(DefaultSettingsPreparer.java:31)
[        ] 	at org.gradle.initialization.BuildOperationFiringSettingsPreparer$LoadBuild.doLoadBuild(BuildOperationFiringSettingsPreparer.java:70)
[        ] 	at org.gradle.initialization.BuildOperationFiringSettingsPreparer$LoadBuild.run(BuildOperationFiringSettingsPreparer.java:65)
[        ] 	at org.gradle.internal.operations.DefaultBuildOperationRunner$1.execute(DefaultBuildOperationRunner.java:29)
[        ] 	at org.gradle.internal.operations.DefaultBuildOperationRunner$1.execute(DefaultBuildOperationRunner.java:26)
[        ] 	at org.gradle.internal.operations.DefaultBuildOperationRunner$2.execute(DefaultBuildOperationRunner.java:66)
[        ] 	at org.gradle.internal.operations.DefaultBuildOperationRunner$2.execute(DefaultBuildOperationRunner.java:59)
[        ] 	at org.gradle.internal.operations.DefaultBuildOperationRunner.execute(DefaultBuildOperationRunner.java:166)
[        ] 	at org.gradle.internal.operations.DefaultBuildOperationRunner.execute(DefaultBuildOperationRunner.java:59)
[        ] 	at org.gradle.internal.operations.DefaultBuildOperationRunner.run(DefaultBuildOperationRunner.java:47)
[        ] 	at org.gradle.initialization.BuildOperationFiringSettingsPreparer.prepareSettings(BuildOperationFiringSettingsPreparer.java:53)
[        ] 	at org.gradle.initialization.VintageBuildModelController.lambda$prepareSettings$1(VintageBuildModelController.java:79)
[        ] 	at org.gradle.internal.model.StateTransitionController.lambda$doTransition$14(StateTransitionController.java:255)
[        ] 	at org.gradle.internal.model.StateTransitionController.doTransition(StateTransitionController.java:266)
[        ] 	at org.gradle.internal.model.StateTransitionController.doTransition(StateTransitionController.java:254)
[        ] 	at org.gradle.internal.model.StateTransitionController.lambda$transitionIfNotPreviously$11(StateTransitionController.java:213)
[        ] 	at org.gradle.internal.work.DefaultSynchronizer.withLock(DefaultSynchronizer.java:35)
[        ] 	at org.gradle.internal.model.StateTransitionController.transitionIfNotPreviously(StateTransitionController.java:209)
[        ] 	at org.gradle.initialization.VintageBuildModelController.prepareSettings(VintageBuildModelController.java:79)
[        ] 	at org.gradle.initialization.VintageBuildModelController.prepareToScheduleTasks(VintageBuildModelController.java:69)
[        ] 	at org.gradle.internal.build.DefaultBuildLifecycleController.lambda$prepareToScheduleTasks$6(DefaultBuildLifecycleController.java:175)
[        ] 	at org.gradle.internal.model.StateTransitionController.lambda$doTransition$14(StateTransitionController.java:255)
[        ] 	at org.gradle.internal.model.StateTransitionController.doTransition(StateTransitionController.java:266)
[        ] 	at org.gradle.internal.model.StateTransitionController.doTransition(StateTransitionController.java:254)
[        ] 	at org.gradle.internal.model.StateTransitionController.lambda$maybeTransition$9(StateTransitionController.java:190)
[        ] 	at org.gradle.internal.work.DefaultSynchronizer.withLock(DefaultSynchronizer.java:35)
[        ] 	at org.gradle.internal.model.StateTransitionController.maybeTransition(StateTransitionController.java:186)
[        ] 	at org.gradle.internal.build.DefaultBuildLifecycleController.prepareToScheduleTasks(DefaultBuildLifecycleController.java:173)
[        ] 	at org.gradle.internal.buildtree.DefaultBuildTreeWorkPreparer.scheduleRequestedTasks(DefaultBuildTreeWorkPreparer.java:35)
[        ] 	at org.gradle.internal.cc.impl.barrier.BarrierAwareBuildTreeWorkPreparer.scheduleRequestedTasks$lambda$0(BarrierAwareBuildTreeWorkPreparer.kt:34)
[        ] 	at org.gradle.internal.cc.impl.barrier.VintageConfigurationTimeActionRunner.runConfigurationTimeAction(VintageConfigurationTimeActionRunner.kt:48)
[        ] 	at org.gradle.internal.cc.impl.barrier.BarrierAwareBuildTreeWorkPreparer.scheduleRequestedTasks(BarrierAwareBuildTreeWorkPreparer.kt:33)
[        ] 	at org.gradle.internal.cc.impl.VintageBuildTreeWorkController$scheduleAndRunRequestedTasks$1.apply(VintageBuildTreeWorkController.kt:36)
[        ] 	at org.gradle.internal.cc.impl.VintageBuildTreeWorkController$scheduleAndRunRequestedTasks$1.apply(VintageBuildTreeWorkController.kt:35)
[        ] 	at org.gradle.composite.internal.DefaultIncludedBuildTaskGraph.withNewWorkGraph(DefaultIncludedBuildTaskGraph.java:114)
[        ] 	at org.gradle.internal.cc.impl.VintageBuildTreeWorkController.scheduleAndRunRequestedTasks(VintageBuildTreeWorkController.kt:35)
[        ] 	at org.gradle.internal.buildtree.DefaultBuildTreeLifecycleController.lambda$scheduleAndRunTasks$1(DefaultBuildTreeLifecycleController.java:77)
[        ] 	at org.gradle.internal.buildtree.DefaultBuildTreeLifecycleController.lambda$runBuild$4(DefaultBuildTreeLifecycleController.java:120)
[        ] 	at org.gradle.internal.model.StateTransitionController.lambda$transition$6(StateTransitionController.java:169)
[        ] 	at org.gradle.internal.model.StateTransitionController.doTransition(StateTransitionController.java:266)
[        ] 	at org.gradle.internal.model.StateTransitionController.lambda$transition$7(StateTransitionController.java:169)
[        ] 	at org.gradle.internal.work.DefaultSynchronizer.withLock(DefaultSynchronizer.java:45)
[        ] 	at org.gradle.internal.model.StateTransitionController.transition(StateTransitionController.java:169)
[        ] 	at org.gradle.internal.buildtree.DefaultBuildTreeLifecycleController.runBuild(DefaultBuildTreeLifecycleController.java:117)
[        ] 	at org.gradle.internal.buildtree.DefaultBuildTreeLifecycleController.scheduleAndRunTasks(DefaultBuildTreeLifecycleController.java:77)
[        ] 	at org.gradle.internal.buildtree.DefaultBuildTreeLifecycleController.scheduleAndRunTasks(DefaultBuildTreeLifecycleController.java:72)
[        ] 	at org.gradle.tooling.internal.provider.ExecuteBuildActionRunner.run(ExecuteBuildActionRunner.java:31)
[        ] 	at org.gradle.launcher.exec.ChainingBuildActionRunner.run(ChainingBuildActionRunner.java:35)
[        ] 	at org.gradle.internal.buildtree.ProblemReportingBuildActionRunner.run(ProblemReportingBuildActionRunner.java:54)
[        ] 	at org.gradle.launcher.exec.BuildOutcomeReportingBuildActionRunner.run(BuildOutcomeReportingBuildActionRunner.java:83)
[        ] 	at org.gradle.tooling.internal.provider.FileSystemWatchingBuildActionRunner.run(FileSystemWatchingBuildActionRunner.java:135)
[        ] 	at org.gradle.launcher.exec.BuildCompletionNotifyingBuildActionRunner.run(BuildCompletionNotifyingBuildActionRunner.java:54)
[        ] 	at org.gradle.launcher.exec.RootBuildLifecycleBuildActionExecutor.lambda$execute$0(RootBuildLifecycleBuildActionExecutor.java:56)
[        ] 	at org.gradle.composite.internal.DefaultRootBuildState.run(DefaultRootBuildState.java:131)
[        ] 	at org.gradle.launcher.exec.RootBuildLifecycleBuildActionExecutor.execute(RootBuildLifecycleBuildActionExecutor.java:56)
[        ] 	at org.gradle.internal.buildtree.InitDeprecationLoggingActionExecutor.execute(InitDeprecationLoggingActionExecutor.java:62)
[        ] 	at org.gradle.internal.buildtree.InitProblems.execute(InitProblems.java:36)
[        ] 	at org.gradle.internal.buildtree.DefaultBuildTreeContext.execute(DefaultBuildTreeContext.java:40)
[        ] 	at org.gradle.launcher.exec.BuildTreeLifecycleBuildActionExecutor.lambda$execute$0(BuildTreeLifecycleBuildActionExecutor.java:71)
[        ] 	at org.gradle.internal.buildtree.BuildTreeState.run(BuildTreeState.java:60)
[        ] 	at org.gradle.launcher.exec.BuildTreeLifecycleBuildActionExecutor.execute(BuildTreeLifecycleBuildActionExecutor.java:71)
[        ] 	at org.gradle.launcher.exec.RunAsBuildOperationBuildActionExecutor$2.call(RunAsBuildOperationBuildActionExecutor.java:65)
[        ] 	at org.gradle.launcher.exec.RunAsBuildOperationBuildActionExecutor$2.call(RunAsBuildOperationBuildActionExecutor.java:61)
[        ] 	at org.gradle.internal.operations.DefaultBuildOperationRunner$CallableBuildOperationWorker.execute(DefaultBuildOperationRunner.java:209)
[        ] 	at org.gradle.internal.operations.DefaultBuildOperationRunner$CallableBuildOperationWorker.execute(DefaultBuildOperationRunner.java:204)
[        ] 	at org.gradle.internal.operations.DefaultBuildOperationRunner$2.execute(DefaultBuildOperationRunner.java:66)
[        ] 	at org.gradle.internal.operations.DefaultBuildOperationRunner$2.execute(DefaultBuildOperationRunner.java:59)
[        ] 	at org.gradle.internal.operations.DefaultBuildOperationRunner.execute(DefaultBuildOperationRunner.java:166)
[        ] 	at org.gradle.internal.operations.DefaultBuildOperationRunner.execute(DefaultBuildOperationRunner.java:59)
[        ] 	at org.gradle.internal.operations.DefaultBuildOperationRunner.call(DefaultBuildOperationRunner.java:53)
[        ] 	at org.gradle.launcher.exec.RunAsBuildOperationBuildActionExecutor.execute(RunAsBuildOperationBuildActionExecutor.java:61)
[        ] 	at org.gradle.launcher.exec.RunAsWorkerThreadBuildActionExecutor.lambda$execute$0(RunAsWorkerThreadBuildActionExecutor.java:36)
[        ] 	at org.gradle.internal.work.DefaultWorkerLeaseService.withLocks(DefaultWorkerLeaseService.java:263)
[        ] 	at org.gradle.internal.work.DefaultWorkerLeaseService.runAsWorkerThread(DefaultWorkerLeaseService.java:127)
[        ] 	at org.gradle.launcher.exec.RunAsWorkerThreadBuildActionExecutor.execute(RunAsWorkerThreadBuildActionExecutor.java:36)
[        ] 	at org.gradle.tooling.internal.provider.continuous.ContinuousBuildActionExecutor.execute(ContinuousBuildActionExecutor.java:110)
[        ] 	at org.gradle.tooling.internal.provider.SubscribableBuildActionExecutor.execute(SubscribableBuildActionExecutor.java:64)
[        ] 	at org.gradle.internal.session.DefaultBuildSessionContext.execute(DefaultBuildSessionContext.java:46)
[        ] 	at org.gradle.internal.buildprocess.execution.BuildSessionLifecycleBuildActionExecutor$ActionImpl.apply(BuildSessionLifecycleBuildActionExecutor.java:92)
[        ] 	at org.gradle.internal.buildprocess.execution.BuildSessionLifecycleBuildActionExecutor$ActionImpl.apply(BuildSessionLifecycleBuildActionExecutor.java:80)
[        ] 	at org.gradle.internal.session.BuildSessionState.run(BuildSessionState.java:73)
[        ] 	at org.gradle.internal.buildprocess.execution.BuildSessionLifecycleBuildActionExecutor.execute(BuildSessionLifecycleBuildActionExecutor.java:62)
[        ] 	at org.gradle.internal.buildprocess.execution.BuildSessionLifecycleBuildActionExecutor.execute(BuildSessionLifecycleBuildActionExecutor.java:41)
[        ] 	at org.gradle.internal.buildprocess.execution.StartParamsValidatingActionExecutor.execute(StartParamsValidatingActionExecutor.java:57)
[        ] 	at org.gradle.internal.buildprocess.execution.StartParamsValidatingActionExecutor.execute(StartParamsValidatingActionExecutor.java:32)
[        ] 	at org.gradle.internal.buildprocess.execution.SessionFailureReportingActionExecutor.execute(SessionFailureReportingActionExecutor.java:51)
[        ] 	at org.gradle.internal.buildprocess.execution.SessionFailureReportingActionExecutor.execute(SessionFailureReportingActionExecutor.java:39)
[        ] 	at org.gradle.internal.buildprocess.execution.SetupLoggingActionExecutor.execute(SetupLoggingActionExecutor.java:47)
[        ] 	at org.gradle.internal.buildprocess.execution.SetupLoggingActionExecutor.execute(SetupLoggingActionExecutor.java:31)
[        ] 	at org.gradle.launcher.daemon.server.exec.ExecuteBuild.doBuild(ExecuteBuild.java:70)
[        ] 	at org.gradle.launcher.daemon.server.exec.BuildCommandOnly.execute(BuildCommandOnly.java:37)
[        ] 	at org.gradle.launcher.daemon.server.api.DaemonCommandExecution.proceed(DaemonCommandExecution.java:104)
[        ] 	at org.gradle.launcher.daemon.server.exec.WatchForDisconnection.execute(WatchForDisconnection.java:39)
[        ] 	at org.gradle.launcher.daemon.server.api.DaemonCommandExecution.proceed(DaemonCommandExecution.java:104)
[        ] 	at org.gradle.launcher.daemon.server.exec.ResetDeprecationLogger.execute(ResetDeprecationLogger.java:29)
[        ] 	at org.gradle.launcher.daemon.server.api.DaemonCommandExecution.proceed(DaemonCommandExecution.java:104)
[        ] 	at org.gradle.launcher.daemon.server.exec.RequestStopIfSingleUsedDaemon.execute(RequestStopIfSingleUsedDaemon.java:35)
[        ] 	at org.gradle.launcher.daemon.server.api.DaemonCommandExecution.proceed(DaemonCommandExecution.java:104)
[        ] 	at org.gradle.launcher.daemon.server.exec.ForwardClientInput.lambda$execute$0(ForwardClientInput.java:40)
[        ] 	at org.gradle.internal.daemon.clientinput.ClientInputForwarder.forwardInput(ClientInputForwarder.java:80)
[        ] 	at org.gradle.launcher.daemon.server.exec.ForwardClientInput.execute(ForwardClientInput.java:37)
[        ] 	at org.gradle.launcher.daemon.server.api.DaemonCommandExecution.proceed(DaemonCommandExecution.java:104)
[        ] 	at org.gradle.launcher.daemon.server.exec.LogAndCheckHealth.execute(LogAndCheckHealth.java:64)
[        ] 	at org.gradle.launcher.daemon.server.api.DaemonCommandExecution.proceed(DaemonCommandExecution.java:104)
[        ] 	at org.gradle.launcher.daemon.server.exec.LogToClient.doBuild(LogToClient.java:63)
[        ] 	at org.gradle.launcher.daemon.server.exec.BuildCommandOnly.execute(BuildCommandOnly.java:37)
[        ] 	at org.gradle.launcher.daemon.server.api.DaemonCommandExecution.proceed(DaemonCommandExecution.java:104)
[        ] 	at org.gradle.launcher.daemon.server.exec.EstablishBuildEnvironment.doBuild(EstablishBuildEnvironment.java:84)
[        ] 	at org.gradle.launcher.daemon.server.exec.BuildCommandOnly.execute(BuildCommandOnly.java:37)
[        ] 	at org.gradle.launcher.daemon.server.api.DaemonCommandExecution.proceed(DaemonCommandExecution.java:104)
[        ] 	at org.gradle.launcher.daemon.server.exec.StartBuildOrRespondWithBusy$1.run(StartBuildOrRespondWithBusy.java:52)
[        ] 	at org.gradle.launcher.daemon.server.DaemonStateCoordinator.lambda$runCommand$0(DaemonStateCoordinator.java:321)
[        ] 	at org.gradle.internal.concurrent.ExecutorPolicy$CatchAndRecordFailures.onExecute(ExecutorPolicy.java:64)
[        ] 	at org.gradle.internal.concurrent.AbstractManagedExecutor$1.run(AbstractManagedExecutor.java:47)
[        ] 	at java.base/java.util.concurrent.ThreadPoolExecutor.runWorker(ThreadPoolExecutor.java:1136)
[        ] 	at java.base/java.util.concurrent.ThreadPoolExecutor$Worker.run(ThreadPoolExecutor.java:635)
[        ] 	at java.base/java.lang.Thread.run(Thread.java:842)
[        ] Caused by: org.gradle.api.InvalidUserDataException: Included build 'C:\Users\?��???��???\flutter\packages\flutter_tools\gradle' does not exist.
[        ] 	at org.gradle.composite.internal.DefaultIncludedBuildFactory.validateBuildDirectory(DefaultIncludedBuildFactory.java:44)
[        ] 	at org.gradle.composite.internal.DefaultIncludedBuildFactory.createBuild(DefaultIncludedBuildFactory.java:53)
[        ] 	at org.gradle.composite.internal.DefaultIncludedBuildRegistry.registerBuild(DefaultIncludedBuildRegistry.java:234)
[        ] 	at org.gradle.composite.internal.DefaultIncludedBuildRegistry.addIncludedBuild(DefaultIncludedBuildRegistry.java:113)
[        ] 	at org.gradle.internal.composite.DefaultBuildIncluder.lambda$getRegisteredPluginBuilds$0(DefaultBuildIncluder.java:77)
[        ] 	at java.base/java.util.stream.ReferencePipeline$3$1.accept(ReferencePipeline.java:197)
[        ] 	at java.base/java.util.ArrayList$ArrayListSpliterator.forEachRemaining(ArrayList.java:1625)
[        ] 	at java.base/java.util.stream.AbstractPipeline.copyInto(AbstractPipeline.java:509)
[        ] 	at java.base/java.util.stream.AbstractPipeline.wrapAndCopyInto(AbstractPipeline.java:499)
[        ] 	at java.base/java.util.stream.ReduceOps$ReduceOp.evaluateSequential(ReduceOps.java:921)
[        ] 	at java.base/java.util.stream.AbstractPipeline.evaluate(AbstractPipeline.java:234)
[        ] 	at java.base/java.util.stream.ReferencePipeline.collect(ReferencePipeline.java:682)
[        ] 	at org.gradle.internal.composite.DefaultBuildIncluder.getRegisteredPluginBuilds(DefaultBuildIncluder.java:80)
[        ] 	at org.gradle.composite.internal.plugins.CompositeBuildPluginResolverContributor$CompositeBuildPluginResolver.resolveFromIncludedPluginBuilds(CompositeBuildPluginResolverContributor.java:137)
[        ] 	at org.gradle.composite.internal.plugins.CompositeBuildPluginResolverContributor$CompositeBuildPluginResolver.doResolve(CompositeBuildPluginResolverContributor.java:115)
[        ] 	at java.base/java.util.concurrent.ConcurrentHashMap.computeIfAbsent(ConcurrentHashMap.java:1708)
[        ] 	at org.gradle.composite.internal.plugins.CompositeBuildPluginResolverContributor$CompositeBuildPluginResolver.resolve(CompositeBuildPluginResolverContributor.java:104)
[        ] 	at org.gradle.plugin.use.resolve.internal.CompositePluginResolver.resolve(CompositePluginResolver.java:36)
[        ] 	at org.gradle.plugin.use.resolve.internal.AlreadyOnClasspathPluginResolver.resolve(AlreadyOnClasspathPluginResolver.java:64)
[        ] 	at org.gradle.plugin.use.internal.DefaultPluginRequestApplicator.resolvePluginRequest(DefaultPluginRequestApplicator.java:189)
[        ] 	... 161 more
[        ] BUILD FAILED in 7s
[  +76 ms] Watched directory hierarchies: []
[ +128 ms] Running Gradle task 'assembleDebug'... (completed in 7.9s)
[+14430 ms] Error: Gradle task assembleDebug failed with exit code 1
[        ] "flutter run" took 27,923ms.
[  +83 ms] 
           #0      throwToolExit (package:flutter_tools/src/base/common.dart:34:3)
           #1      RunCommand.runCommand (package:flutter_tools/src/commands/run.dart:940:9)
           <asynchronous suspension>
           #2      FlutterCommand.run.<anonymous closure> (package:flutter_tools/src/runner/flutter_command.dart:1630:27)
           <asynchronous suspension>
           #3      AppContext.run.<anonymous closure> (package:flutter_tools/src/base/context.dart:154:19)
           <asynchronous suspension>
           #4      CommandRunner.runCommand (package:args/command_runner.dart:212:13)
           <asynchronous suspension>
           #5      FlutterCommandRunner.runCommand.<anonymous closure> (package:flutter_tools/src/runner/flutter_command_runner.dart:496:9)
           <asynchronous suspension>
           #6      AppContext.run.<anonymous closure> (package:flutter_tools/src/base/context.dart:154:19)
           <asynchronous suspension>
           #7      FlutterCommandRunner.runCommand (package:flutter_tools/src/runner/flutter_command_runner.dart:431:5)
           <asynchronous suspension>
           #8      FlutterCommandRunner.run.<anonymous closure> (package:flutter_tools/src/runner/flutter_command_runner.dart:307:33)
           <asynchronous suspension>
           #9      run.<anonymous closure>.<anonymous closure> (package:flutter_tools/runner.dart:104:11)
           <asynchronous suspension>
           #10     AppContext.run.<anonymous closure> (package:flutter_tools/src/base/context.dart:154:19)
           <asynchronous suspension>
           #11     main (package:flutter_tools/executable.dart:103:3)
           <asynchronous suspension>


[        ] Running 3 shutdown hooks
[   +5 ms] Shutdown hooks complete
[        ] exiting with code 1
